[epiktheme.netlify.app/html/eveno-theme/demos/index.html]
[backblue.gif]
[fade.gif]
[index.html]
[epiktheme.netlify.app/html/eveno-theme/demos/css/font-awesome.min.css]
[epiktheme.netlify.app/html/eveno-theme/demos/css/bootstrap.min.css]
[epiktheme.netlify.app/html/eveno-theme/demos/css/slick.css]
[epiktheme.netlify.app/html/eveno-theme/demos/css/venobox.css]
[epiktheme.netlify.app/html/eveno-theme/demos/css/lightbox.min.css]
[epiktheme.netlify.app/html/eveno-theme/demos/css/style.css]
[epiktheme.netlify.app/html/eveno-theme/demos/css/responsive.css]
[epiktheme.netlify.app/html/eveno-theme/demos/images/banner1.jpg]
[epiktheme.netlify.app/html/eveno-theme/demos/images/banner2.jpg]
[epiktheme.netlify.app/html/eveno-theme/demos/images/banner3.jpg]
[epiktheme.netlify.app/html/eveno-theme/demos/images/about.png]
[epiktheme.netlify.app/html/eveno-theme/demos/images/s1.jpg]
[epiktheme.netlify.app/html/eveno-theme/demos/images/s2.jpg]
[epiktheme.netlify.app/html/eveno-theme/demos/images/s3.jpg]
[epiktheme.netlify.app/html/eveno-theme/demos/images/s4.jpg]
[epiktheme.netlify.app/html/eveno-theme/demos/images/s5.jpg]
[epiktheme.netlify.app/html/eveno-theme/demos/images/s6.jpg]
[epiktheme.netlify.app/html/eveno-theme/demos/images/e1.jpg]
[epiktheme.netlify.app/html/eveno-theme/demos/images/e2.jpg]
[epiktheme.netlify.app/html/eveno-theme/demos/images/e3.jpg]
[epiktheme.netlify.app/html/eveno-theme/demos/images/e5.jpg]
[epiktheme.netlify.app/html/eveno-theme/demos/images/e4.jpg]
[epiktheme.netlify.app/html/eveno-theme/demos/images/price1.png]
[epiktheme.netlify.app/html/eveno-theme/demos/images/price2.png]
[epiktheme.netlify.app/html/eveno-theme/demos/images/price3.png]
[epiktheme.netlify.app/html/eveno-theme/demos/images/g1.jpg]
[epiktheme.netlify.app/html/eveno-theme/demos/images/g2.jpg]
[epiktheme.netlify.app/html/eveno-theme/demos/images/g4.jpg]
[epiktheme.netlify.app/html/eveno-theme/demos/images/g3.jpg]
[epiktheme.netlify.app/html/eveno-theme/demos/images/g5.jpg]
[epiktheme.netlify.app/html/eveno-theme/demos/images/g6.jpg]
[epiktheme.netlify.app/html/eveno-theme/demos/images/payment.png]
[epiktheme.netlify.app/html/eveno-theme/demos/images/testimonial.png]
[epiktheme.netlify.app/html/eveno-theme/demos/images/testimonial1.png]
[epiktheme.netlify.app/html/eveno-theme/demos/images/testimonial3.png]
[epiktheme.netlify.app/html/eveno-theme/demos/images/brand1.png]
[epiktheme.netlify.app/html/eveno-theme/demos/images/brand2.png]
[epiktheme.netlify.app/html/eveno-theme/demos/images/brand3.png]
[epiktheme.netlify.app/html/eveno-theme/demos/images/brand4.png]
[epiktheme.netlify.app/html/eveno-theme/demos/images/brand5.png]
[epiktheme.netlify.app/html/eveno-theme/demos/images/brand6.png]
[epiktheme.netlify.app/html/eveno-theme/demos/images/blog1.jpg]
[epiktheme.netlify.app/html/eveno-theme/demos/images/blog2.jpg]
[epiktheme.netlify.app/html/eveno-theme/demos/images/blog3.jpg]
[epiktheme.netlify.app/html/eveno-theme/demos/images/blog4.jpg]
[epiktheme.netlify.app/html/eveno-theme/demos/js/jquery-3.3.1.min.js]
[epiktheme.netlify.app/html/eveno-theme/demos/js/bootstrap.min.js]
[epiktheme.netlify.app/html/eveno-theme/demos/js/slick.min.js]
[epiktheme.netlify.app/html/eveno-theme/demos/js/jquery.nicescroll.min.js]
[epiktheme.netlify.app/html/eveno-theme/demos/js/venobox.min.js]
[epiktheme.netlify.app/html/eveno-theme/demos/js/lightbox.min.js]
[epiktheme.netlify.app/html/eveno-theme/demos/js/jquery.isotope.min.js]
[epiktheme.netlify.app/html/eveno-theme/demos/js/countdown.min.js]
[epiktheme.netlify.app/html/eveno-theme/demos/js/jquery.counterup.min.js]
[epiktheme.netlify.app/html/eveno-theme/demos/js/jquery.waypoints.min.js]
[epiktheme.netlify.app/html/eveno-theme/demos/index.html]
[epiktheme.netlify.app/html/eveno-theme/demos/js/custom.js]
[epiktheme.netlify.app/html/eveno-theme/demos/fonts/fontawesome-webfont3e6e.eot]
[epiktheme.netlify.app/html/eveno-theme/demos/fonts/fontawesome-webfontd41d.eot]
[epiktheme.netlify.app/html/eveno-theme/demos/fonts/fontawesome-webfont3e6e.woff2]
[epiktheme.netlify.app/html/eveno-theme/demos/fonts/fontawesome-webfont3e6e.woff]
[epiktheme.netlify.app/html/eveno-theme/demos/fonts/fontawesome-webfont3e6e.ttf]
[epiktheme.netlify.app/html/eveno-theme/demos/css/font-awesome.min.css]
[epiktheme.netlify.app/html/eveno-theme/demos/css/bootstrap.min.css]
[epiktheme.netlify.app/html/eveno-theme/demos/css/slick.css]
[epiktheme.netlify.app/html/eveno-theme/demos/css/venobox.css]
[epiktheme.netlify.app/html/eveno-theme/demos/fonts/fontawesome-webfont3e6e.svg]
[epiktheme.netlify.app/html/eveno-theme/demos/images/loading.gif]
[epiktheme.netlify.app/html/eveno-theme/demos/css/lightbox.min.css]
[epiktheme.netlify.app/html/eveno-theme/demos/fonts/BarlowCondensed-Bold.ttf]
[epiktheme.netlify.app/html/eveno-theme/demos/fonts/BarlowCondensed-Light.ttf]
[epiktheme.netlify.app/html/eveno-theme/demos/fonts/BarlowCondensed-Regular.ttf]
[epiktheme.netlify.app/html/eveno-theme/demos/fonts/Parisienne-Regular.ttf]
[epiktheme.netlify.app/html/eveno-theme/demos/images/banner.jpg]
[epiktheme.netlify.app/html/eveno-theme/demos/images/organize-main.jpg]
[epiktheme.netlify.app/html/eveno-theme/demos/images/gallery-main.jpg]
[epiktheme.netlify.app/html/eveno-theme/demos/images/register-bg.jpg]
[epiktheme.netlify.app/html/eveno-theme/demos/css/style.css]
[epiktheme.netlify.app/html/eveno-theme/demos/css/responsive.css]
[epiktheme.netlify.app/html/eveno-theme/demos/fonts/fontawesome-webfont3e6e.svg]
